Shortest Path (Read the coordinate line by line)
Start-> ,7;6,6;6,5;6,5;5,4;5,3;5,3;4,2;4,2;3,2;2,
,1;2,1;1,1;0, -> End